2025-09-22 14:38:09 INFO  myshop - Initializer started...
2025-09-22 14:38:26 INFO  myshop - URL Opened
2025-09-22 14:38:28 INFO  myshop - Sign In button clicked
2025-09-22 14:38:29 INFO  myshop - Initializer started...
2025-09-22 14:38:42 INFO  myshop - URL Opened
2025-09-22 14:38:44 INFO  myshop - Entered new account creation details
2025-09-22 14:38:48 INFO  myshop - Entered existing user details
2025-09-22 14:38:49 INFO  myshop - Initializer started...
2025-09-22 14:38:59 INFO  myshop - URL Opened
2025-09-22 14:41:55 INFO  myshop - Initializer started...
2025-09-22 14:42:06 INFO  myshop - URL Opened
2025-09-22 14:42:07 INFO  myshop - Sign In button clicked
2025-09-22 14:42:08 INFO  myshop - Initializer started...
2025-09-22 14:42:19 INFO  myshop - URL Opened
2025-09-22 14:42:21 INFO  myshop - Entered new account creation details
2025-09-22 14:42:22 INFO  myshop - Entered existing user details
2025-09-22 14:42:22 INFO  myshop - Initializer started...
2025-09-22 14:42:31 INFO  myshop - URL Opened
2025-09-22 14:42:34 INFO  myshop - On MyShop Details Page
2025-09-22 17:57:10 INFO  myshop - Initializer started...
2025-09-22 17:57:20 INFO  myshop - URL Opened
2025-09-22 17:57:22 INFO  myshop - Sign In button clicked
2025-09-22 17:57:22 INFO  myshop - Initializer started...
2025-09-22 17:57:31 INFO  myshop - URL Opened
2025-09-22 17:57:32 INFO  myshop - Entered new account creation details
2025-09-22 17:57:35 INFO  myshop - Entered existing user details
2025-09-22 17:57:36 INFO  myshop - Initializer started...
2025-09-22 17:57:44 INFO  myshop - URL Opened
2025-09-22 17:57:46 INFO  myshop - On MyShop Details Page
2025-09-23 05:59:39 INFO  myshop - Initializer started...
2025-09-23 05:59:50 INFO  myshop - URL Opened
2025-09-23 06:06:03 INFO  myshop - Initializer started...
2025-09-23 06:06:15 INFO  myshop - URL Opened
2025-09-23 06:06:17 INFO  myshop - Sign In button clicked
2025-09-23 06:06:17 INFO  myshop - Initializer started...
2025-09-23 06:06:25 INFO  myshop - URL Opened
2025-09-23 06:06:27 INFO  myshop - Entered new account creation details
2025-09-23 06:06:28 INFO  myshop - Entered existing user details
2025-09-23 06:06:28 INFO  myshop - Initializer started...
2025-09-23 06:06:36 INFO  myshop - URL Opened
2025-09-23 06:06:38 INFO  myshop - On MyShop Details Page
2025-09-23 06:06:38 INFO  myshop - Initializer started...
2025-09-23 06:06:47 INFO  myshop - URL Opened
2025-09-23 06:08:01 INFO  myshop - Initializer started...
2025-09-23 06:08:10 INFO  myshop - URL Opened
2025-09-23 06:08:12 INFO  myshop - Sign In button clicked
2025-09-23 06:08:12 INFO  myshop - Initializer started...
2025-09-23 06:08:20 INFO  myshop - URL Opened
2025-09-23 06:08:21 INFO  myshop - Entered new account creation details
2025-09-23 06:08:23 INFO  myshop - Entered existing user details
2025-09-23 06:08:23 INFO  myshop - Initializer started...
2025-09-23 06:08:31 INFO  myshop - URL Opened
2025-09-23 06:08:34 INFO  myshop - On MyShop Details Page
2025-09-24 04:42:43 INFO  myshop - Initializer started...
2025-09-24 04:42:58 INFO  myshop - URL Opened
2025-09-24 04:43:00 INFO  myshop - Sign In button clicked
2025-09-24 04:43:00 INFO  myshop - Initializer started...
2025-09-24 04:43:11 INFO  myshop - URL Opened
2025-09-24 04:43:13 INFO  myshop - Entered new account creation details
2025-09-24 04:43:15 INFO  myshop - Entered existing user details
2025-09-24 04:43:15 INFO  myshop - Initializer started...
2025-09-24 04:43:24 INFO  myshop - URL Opened
2025-09-24 04:43:26 INFO  myshop - On MyShop Details Page
2025-09-24 04:43:26 INFO  myshop - Initializer started...
2025-09-24 04:43:35 INFO  myshop - URL Opened
2025-09-24 04:51:09 INFO  myshop - Initializer started...
2025-09-24 04:51:19 INFO  myshop - URL Opened
2025-09-24 04:51:21 INFO  myshop - Sign In button clicked
2025-09-24 04:51:21 INFO  myshop - Initializer started...
2025-09-24 04:51:30 INFO  myshop - URL Opened
2025-09-24 04:51:31 INFO  myshop - Entered new account creation details
2025-09-24 04:51:32 INFO  myshop - Entered existing user details
2025-09-24 04:51:33 INFO  myshop - Initializer started...
2025-09-24 04:51:41 INFO  myshop - URL Opened
2025-09-24 04:51:42 INFO  myshop - On MyShop Details Page
2025-09-24 04:51:44 INFO  myshop - Initializer started...
2025-09-24 04:51:53 INFO  myshop - URL Opened
2025-09-24 04:51:56 INFO  myshop - Personal Info url opened
2025-09-24 05:05:19 INFO  myshop - Initializer started...
2025-09-24 05:05:29 INFO  myshop - URL Opened
2025-09-24 05:05:30 INFO  myshop - Sign In button clicked
2025-09-24 05:05:30 INFO  myshop - Initializer started...
2025-09-24 05:05:40 INFO  myshop - URL Opened
2025-09-24 05:05:41 INFO  myshop - Entered new account creation details
2025-09-24 05:05:42 INFO  myshop - Entered existing user details
2025-09-24 05:05:43 INFO  myshop - Initializer started...
2025-09-24 05:05:51 INFO  myshop - URL Opened
2025-09-24 05:05:53 INFO  myshop - On MyShop Details Page
2025-09-24 05:05:54 INFO  myshop - Initializer started...
2025-09-24 05:06:03 INFO  myshop - URL Opened
2025-09-24 05:23:09 INFO  myshop - Initializer started...
2025-09-24 05:23:18 INFO  myshop - URL Opened
2025-09-24 05:23:20 INFO  myshop - Sign In button clicked
2025-09-24 05:23:20 INFO  myshop - Initializer started...
2025-09-24 05:23:28 INFO  myshop - URL Opened
2025-09-24 05:23:30 INFO  myshop - Entered new account creation details
2025-09-24 05:23:31 INFO  myshop - Entered existing user details
2025-09-24 05:23:31 INFO  myshop - Initializer started...
2025-09-24 05:23:39 INFO  myshop - URL Opened
2025-09-24 05:23:41 INFO  myshop - On MyShop Details Page
2025-09-24 05:23:42 INFO  myshop - Initializer started...
2025-09-24 05:23:51 INFO  myshop - URL Opened
2025-09-24 05:30:58 INFO  myshop - Initializer started...
2025-09-24 05:31:07 INFO  myshop - URL Opened
2025-09-24 05:31:09 INFO  myshop - Sign In button clicked
2025-09-24 05:31:09 INFO  myshop - Initializer started...
2025-09-24 05:31:19 INFO  myshop - URL Opened
2025-09-24 05:31:21 INFO  myshop - Entered new account creation details
2025-09-24 05:31:24 INFO  myshop - Entered existing user details
2025-09-24 05:31:24 INFO  myshop - Initializer started...
2025-09-24 05:31:32 INFO  myshop - URL Opened
2025-09-24 05:31:35 INFO  myshop - On MyShop Details Page
2025-09-24 05:31:35 INFO  myshop - Initializer started...
2025-09-24 05:31:45 INFO  myshop - URL Opened
2025-09-24 05:31:48 INFO  myshop - Personal Info url opened
2025-09-24 05:36:34 INFO  myshop - Initializer started...
2025-09-24 05:36:43 INFO  myshop - URL Opened
2025-09-24 05:36:45 INFO  myshop - Sign In button clicked
2025-09-24 05:36:45 INFO  myshop - Initializer started...
2025-09-24 05:36:53 INFO  myshop - URL Opened
2025-09-24 05:36:55 INFO  myshop - Entered new account creation details
2025-09-24 05:36:56 INFO  myshop - Entered existing user details
2025-09-24 05:36:56 INFO  myshop - Initializer started...
2025-09-24 05:37:07 INFO  myshop - URL Opened
2025-09-24 05:37:10 INFO  myshop - On MyShop Details Page
2025-09-24 05:37:11 INFO  myshop - Initializer started...
2025-09-24 05:37:19 INFO  myshop - URL Opened
2025-09-24 05:37:23 INFO  myshop - Personal Info url opened
2025-09-24 05:41:09 INFO  myshop - Initializer started...
2025-09-24 05:41:18 INFO  myshop - URL Opened
2025-09-24 05:41:19 INFO  myshop - Sign In button clicked
2025-09-24 05:41:20 INFO  myshop - Initializer started...
2025-09-24 05:41:28 INFO  myshop - URL Opened
2025-09-24 05:41:29 INFO  myshop - Entered new account creation details
2025-09-24 05:41:30 INFO  myshop - Entered existing user details
2025-09-24 05:41:30 INFO  myshop - Initializer started...
2025-09-24 05:41:42 INFO  myshop - URL Opened
2025-09-24 05:41:44 INFO  myshop - On MyShop Details Page
2025-09-24 05:41:44 INFO  myshop - Initializer started...
2025-09-24 05:41:52 INFO  myshop - URL Opened
2025-09-24 05:41:55 INFO  myshop - Personal Info url opened
2025-09-24 05:47:04 INFO  myshop - Initializer started...
2025-09-24 05:47:14 INFO  myshop - URL Opened
2025-09-24 05:47:15 INFO  myshop - Sign In button clicked
2025-09-24 05:47:15 INFO  myshop - Initializer started...
2025-09-24 05:47:24 INFO  myshop - URL Opened
2025-09-24 05:47:26 INFO  myshop - Entered new account creation details
2025-09-24 05:47:27 INFO  myshop - Entered existing user details
2025-09-24 05:47:27 INFO  myshop - Initializer started...
2025-09-24 05:47:35 INFO  myshop - URL Opened
2025-09-24 05:47:37 INFO  myshop - On MyShop Details Page
2025-09-24 05:47:38 INFO  myshop - Initializer started...
2025-09-24 05:47:46 INFO  myshop - URL Opened
2025-09-24 05:47:50 INFO  myshop - Personal Info url opened
2025-09-24 05:47:50 INFO  myshop - Back To Account clicked
2025-09-24 06:05:39 INFO  myshop - Initializer started...
2025-09-24 06:05:49 INFO  myshop - URL Opened
2025-09-24 06:05:50 INFO  myshop - Sign In button clicked
2025-09-24 06:05:50 INFO  myshop - Initializer started...
2025-09-24 06:05:58 INFO  myshop - URL Opened
2025-09-24 06:06:00 INFO  myshop - Entered new account creation details
2025-09-24 06:06:01 INFO  myshop - Entered existing user details
2025-09-24 06:06:01 INFO  myshop - Initializer started...
2025-09-24 06:06:09 INFO  myshop - URL Opened
2025-09-24 06:06:11 INFO  myshop - On MyShop Details Page
2025-09-24 06:06:11 INFO  myshop - Initializer started...
2025-09-24 06:06:20 INFO  myshop - URL Opened
2025-09-24 06:06:24 INFO  myshop - Personal Info url opened
2025-09-24 06:06:24 INFO  myshop - Back To Account clicked
2025-09-25 06:41:32 INFO  myshop - Initializer started...
2025-09-25 06:41:46 INFO  myshop - URL Opened
2025-09-25 06:41:47 INFO  myshop - Sign In button clicked
2025-09-25 06:41:48 INFO  myshop - url closed
2025-09-25 06:41:48 INFO  myshop - Initializer started...
2025-09-25 06:41:56 INFO  myshop - URL Opened
2025-09-25 06:41:58 INFO  myshop - Entered new account creation details
2025-09-25 06:42:01 INFO  myshop - Entered existing user details
2025-09-25 06:42:01 INFO  myshop - url closed
2025-09-25 06:42:01 INFO  myshop - Initializer started...
2025-09-25 06:42:09 INFO  myshop - URL Opened
2025-09-25 06:42:13 INFO  myshop - On MyShop Details Page
2025-09-25 06:42:13 INFO  myshop - url closed
2025-09-25 06:42:13 INFO  myshop - Initializer started...
2025-09-25 06:42:21 INFO  myshop - URL Opened
2025-09-25 06:42:26 INFO  myshop - Personal Info url opened
2025-09-25 06:42:26 INFO  myshop - Back To Account clicked
2025-09-25 06:42:26 INFO  myshop - url closed
2025-09-25 14:16:05 INFO  myshop - Initializer started...
2025-09-25 14:16:20 INFO  myshop - URL Opened
2025-09-25 14:16:22 INFO  myshop - Sign In button clicked
2025-09-25 14:16:22 INFO  myshop - url closed
2025-09-25 14:16:22 INFO  myshop - Initializer started...
2025-09-25 14:16:30 INFO  myshop - URL Opened
2025-09-25 14:16:32 INFO  myshop - Entered new account creation details
2025-09-25 14:16:35 INFO  myshop - Entered existing user details
2025-09-25 14:16:35 INFO  myshop - url closed
2025-09-25 14:16:35 INFO  myshop - Initializer started...
2025-09-25 14:16:44 INFO  myshop - URL Opened
2025-09-25 14:16:46 INFO  myshop - On MyShop Details Page
2025-09-25 14:16:47 INFO  myshop - url closed
2025-09-25 14:16:47 INFO  myshop - Initializer started...
2025-09-25 14:16:56 INFO  myshop - URL Opened
2025-09-25 14:17:00 INFO  myshop - Personal Info url opened
2025-09-25 14:17:01 INFO  myshop - url closed
2025-09-26 05:08:05 INFO  myshop - Initializer started...
2025-09-26 05:08:16 INFO  myshop - URL Opened
2025-09-26 05:08:18 INFO  myshop - Sign In button clicked
2025-09-26 05:08:18 INFO  myshop - url closed
2025-09-26 05:08:18 INFO  myshop - Initializer started...
2025-09-26 05:08:27 INFO  myshop - URL Opened
2025-09-26 05:08:28 INFO  myshop - Entered new account creation details
2025-09-26 05:08:29 INFO  myshop - Entered existing user details
2025-09-26 05:08:30 INFO  myshop - url closed
2025-09-26 05:08:30 INFO  myshop - Initializer started...
2025-09-26 05:08:38 INFO  myshop - URL Opened
2025-09-26 05:08:41 INFO  myshop - On MyShop Details Page
2025-09-26 05:08:42 INFO  myshop - url closed
2025-09-26 05:08:42 INFO  myshop - Initializer started...
2025-09-26 05:08:51 INFO  myshop - URL Opened
2025-09-26 05:08:54 INFO  myshop - Personal Info url opened
2025-09-26 05:08:55 INFO  myshop - url closed
2025-09-26 06:10:00 INFO  myshop - Initializing WebDriver...
2025-09-26 06:10:11 INFO  myshop - URL Opened: http://www.automationpractice.pl/index.php
2025-09-26 06:10:12 INFO  myshop - Sign In button clicked
2025-09-26 06:10:13 INFO  myshop - Browser closed
2025-09-26 06:10:13 INFO  myshop - Initializing WebDriver...
2025-09-26 06:10:22 INFO  myshop - URL Opened: http://www.automationpractice.pl/index.php
2025-09-26 06:10:23 INFO  myshop - Entered new account creation details
2025-09-26 06:10:24 INFO  myshop - Entered existing user details
2025-09-26 06:10:25 INFO  myshop - Browser closed
2025-09-26 06:10:25 INFO  myshop - Initializing WebDriver...
2025-09-26 06:10:33 INFO  myshop - URL Opened: http://www.automationpractice.pl/index.php
2025-09-26 06:10:35 INFO  myshop - On MyShop Details Page
2025-09-26 06:10:36 INFO  myshop - Browser closed
2025-09-26 06:10:36 INFO  myshop - Initializing WebDriver...
2025-09-26 06:10:46 INFO  myshop - URL Opened: http://www.automationpractice.pl/index.php
2025-09-26 06:10:49 INFO  myshop - Personal Info url opened
2025-09-26 06:10:50 INFO  myshop - Browser closed
2025-09-26 06:21:29 INFO  myshop - Initializing WebDriver...
2025-09-26 06:21:38 INFO  myshop - URL Opened: http://www.automationpractice.pl/index.php
2025-09-26 06:21:40 INFO  myshop - Sign In button clicked
2025-09-26 06:21:40 INFO  myshop - Browser closed
2025-09-26 06:21:40 INFO  myshop - Initializing WebDriver...
2025-09-26 06:21:48 INFO  myshop - URL Opened: http://www.automationpractice.pl/index.php
2025-09-26 06:21:50 INFO  myshop - Entered new account creation details
2025-09-26 06:21:51 INFO  myshop - Entered existing user details
2025-09-26 06:21:51 INFO  myshop - Browser closed
2025-09-26 06:21:51 INFO  myshop - Initializing WebDriver...
2025-09-26 06:22:00 INFO  myshop - URL Opened: http://www.automationpractice.pl/index.php
2025-09-26 06:22:03 INFO  myshop - On MyShop Details Page
2025-09-26 06:22:03 INFO  myshop - Browser closed
2025-09-26 06:22:03 INFO  myshop - Initializing WebDriver...
2025-09-26 06:22:12 INFO  myshop - URL Opened: http://www.automationpractice.pl/index.php
2025-09-26 06:22:15 INFO  myshop - Personal Info url opened
2025-09-26 06:22:16 INFO  myshop - Browser closed
2025-09-26 06:29:38 INFO  myshop - Initializing WebDriver...
2025-09-26 06:29:48 INFO  myshop - URL Opened: http://www.automationpractice.pl/index.php
2025-09-26 06:29:49 INFO  myshop - Sign In button clicked
2025-09-26 06:29:49 INFO  myshop - Browser closed
2025-09-26 06:29:49 INFO  myshop - Initializing WebDriver...
2025-09-26 06:29:59 INFO  myshop - URL Opened: http://www.automationpractice.pl/index.php
2025-09-26 06:30:01 INFO  myshop - Entered new account creation details
2025-09-26 06:30:02 INFO  myshop - Entered existing user details
2025-09-26 06:30:02 INFO  myshop - Browser closed
2025-09-26 06:30:02 INFO  myshop - Initializing WebDriver...
2025-09-26 06:30:12 INFO  myshop - URL Opened: http://www.automationpractice.pl/index.php
2025-09-26 06:30:13 INFO  myshop - On MyShop Details Page
2025-09-26 06:30:15 INFO  myshop - Browser closed
2025-09-26 06:30:15 INFO  myshop - Initializing WebDriver...
2025-09-26 06:30:25 INFO  myshop - URL Opened: http://www.automationpractice.pl/index.php
2025-09-26 06:30:29 INFO  myshop - Personal Info url opened
2025-09-26 06:30:29 INFO  myshop - Browser closed
2025-09-27 05:55:02 INFO  myshop - Initializing WebDriver...
2025-09-27 05:55:16 INFO  myshop - URL Opened: http://www.automationpractice.pl/index.php
2025-09-27 05:55:17 INFO  myshop - Sign In button clicked
2025-09-27 05:55:17 INFO  myshop - Browser closed
2025-09-27 05:55:17 INFO  myshop - Initializing WebDriver...
2025-09-27 05:55:23 INFO  myshop - URL Opened: http://www.automationpractice.pl/index.php
2025-09-27 05:55:25 INFO  myshop - Entered new account creation details
2025-09-27 05:55:27 INFO  myshop - Entered existing user details
2025-09-27 05:55:27 INFO  myshop - Browser closed
2025-09-27 05:55:27 INFO  myshop - Initializing WebDriver...
2025-09-27 05:55:32 INFO  myshop - URL Opened: http://www.automationpractice.pl/index.php
2025-09-27 05:55:35 INFO  myshop - On MyShop Details Page
2025-09-27 05:55:35 INFO  myshop - Browser closed
2025-09-27 05:55:35 INFO  myshop - Initializing WebDriver...
2025-09-27 05:55:41 INFO  myshop - URL Opened: http://www.automationpractice.pl/index.php
2025-09-27 05:55:44 INFO  myshop - Personal Info url opened
2025-09-27 05:55:45 INFO  myshop - Browser closed
2025-09-29 13:13:53 INFO  myshop - Initializing WebDriver...
2025-09-29 13:14:06 INFO  myshop - URL Opened: http://www.automationpractice.pl/index.php
2025-09-29 13:14:08 INFO  myshop - Sign In button clicked
2025-09-29 13:14:08 INFO  myshop - Browser closed
2025-09-29 13:14:08 INFO  myshop - Initializing WebDriver...
2025-09-29 13:14:17 INFO  myshop - URL Opened: http://www.automationpractice.pl/index.php
2025-09-29 13:14:19 INFO  myshop - Entered new account creation details
2025-09-29 13:14:21 INFO  myshop - Entered existing user details
2025-09-29 13:14:21 INFO  myshop - Browser closed
2025-09-29 13:14:21 INFO  myshop - Initializing WebDriver...
2025-09-29 13:14:31 INFO  myshop - URL Opened: http://www.automationpractice.pl/index.php
2025-09-29 13:14:33 INFO  myshop - On MyShop Details Page
2025-09-29 13:14:33 INFO  myshop - Browser closed
2025-09-29 13:14:33 INFO  myshop - Initializing WebDriver...
2025-09-29 13:14:43 INFO  myshop - URL Opened: http://www.automationpractice.pl/index.php
2025-09-29 13:14:46 INFO  myshop - Personal Info url opened
2025-09-29 13:14:47 INFO  myshop - Browser closed
2025-10-16 04:30:45 INFO  myshop - Initializing WebDriver...
2025-10-16 04:30:56 INFO  myshop - URL Opened: http://www.automationpractice.pl/index.php
2025-10-16 04:30:57 INFO  myshop - Sign In button clicked
2025-10-16 04:30:58 INFO  myshop - Browser closed
2025-10-16 04:30:58 INFO  myshop - Initializing WebDriver...
2025-10-16 04:31:09 INFO  myshop - URL Opened: http://www.automationpractice.pl/index.php
2025-10-16 04:31:10 INFO  myshop - Entered new account creation details
2025-10-16 04:31:13 INFO  myshop - Entered existing user details
2025-10-16 04:31:13 INFO  myshop - Browser closed
2025-10-16 04:31:13 INFO  myshop - Initializing WebDriver...
2025-10-16 04:31:20 INFO  myshop - URL Opened: http://www.automationpractice.pl/index.php
2025-10-16 04:31:23 INFO  myshop - On MyShop Details Page
2025-10-16 04:31:23 INFO  myshop - Browser closed
2025-10-16 04:31:23 INFO  myshop - Initializing WebDriver...
2025-10-16 04:31:26 INFO  myshop - URL Opened: http://www.automationpractice.pl/index.php
2025-10-16 04:31:33 INFO  myshop - Personal Info url opened
2025-10-16 04:31:34 INFO  myshop - Browser closed
2025-10-16 04:56:57 INFO  myshop - Initializing WebDriver...
2025-10-16 04:57:05 INFO  myshop - URL Opened: http://www.automationpractice.pl/index.php
2025-10-16 04:57:06 INFO  myshop - Sign In button clicked
2025-10-16 04:57:06 INFO  myshop - Browser closed
2025-10-16 04:57:06 INFO  myshop - Initializing WebDriver...
2025-10-16 04:57:13 INFO  myshop - URL Opened: http://www.automationpractice.pl/index.php
2025-10-16 04:57:15 INFO  myshop - Entered new account creation details
2025-10-16 04:57:16 INFO  myshop - Entered existing user details
2025-10-16 04:57:16 INFO  myshop - Browser closed
2025-10-16 04:57:16 INFO  myshop - Initializing WebDriver...
2025-10-16 04:57:22 INFO  myshop - URL Opened: http://www.automationpractice.pl/index.php
2025-10-16 04:57:25 INFO  myshop - On MyShop Details Page
2025-10-16 04:57:26 INFO  myshop - Browser closed
2025-10-16 04:57:26 INFO  myshop - Initializing WebDriver...
2025-10-16 04:57:33 INFO  myshop - URL Opened: http://www.automationpractice.pl/index.php
2025-10-16 04:57:36 INFO  myshop - Personal Info url opened
2025-10-16 04:57:36 INFO  myshop - Browser closed
2025-10-16 05:58:27 INFO  myshop - Initializing WebDriver...
2025-10-16 05:58:36 INFO  myshop - URL Opened: http://www.automationpractice.pl/index.php
2025-10-16 05:58:37 INFO  myshop - Sign In button clicked
2025-10-16 05:58:37 INFO  myshop - Browser closed
2025-10-16 05:58:37 INFO  myshop - Initializing WebDriver...
2025-10-16 05:58:44 INFO  myshop - URL Opened: http://www.automationpractice.pl/index.php
2025-10-16 05:58:46 INFO  myshop - Entered new account creation details
2025-10-16 05:58:48 INFO  myshop - Entered existing user details
2025-10-16 05:58:48 INFO  myshop - Browser closed
2025-10-16 05:58:48 INFO  myshop - Initializing WebDriver...
2025-10-16 05:58:54 INFO  myshop - URL Opened: http://www.automationpractice.pl/index.php
2025-10-16 05:58:56 INFO  myshop - On MyShop Details Page
2025-10-16 05:58:57 INFO  myshop - Browser closed
2025-10-16 05:58:57 INFO  myshop - Initializing WebDriver...
2025-10-16 05:59:04 INFO  myshop - URL Opened: http://www.automationpractice.pl/index.php
2025-10-16 05:59:06 INFO  myshop - Personal Info url opened
2025-10-16 05:59:07 INFO  myshop - Back To Account clicked
2025-10-16 05:59:07 INFO  myshop - Browser closed
2025-10-30 16:43:37 INFO  myshop - Initializing WebDriver...
2025-10-30 16:43:53 INFO  myshop - URL Opened: http://www.automationpractice.pl/index.php
2025-10-30 16:43:55 INFO  myshop - Sign In button clicked
2025-10-30 16:43:56 INFO  myshop - Browser closed
2025-10-30 16:43:56 INFO  myshop - Initializing WebDriver...
2025-10-30 16:44:06 INFO  myshop - URL Opened: http://www.automationpractice.pl/index.php
2025-10-30 16:44:09 INFO  myshop - Entered new account creation details
2025-10-30 16:44:13 INFO  myshop - Entered existing user details
2025-10-30 16:44:13 INFO  myshop - Browser closed
2025-10-30 16:44:13 INFO  myshop - Initializing WebDriver...
2025-10-30 16:44:24 INFO  myshop - URL Opened: http://www.automationpractice.pl/index.php
2025-10-30 16:44:28 INFO  myshop - On MyShop Details Page
2025-10-30 16:44:28 INFO  myshop - Browser closed
2025-10-30 16:44:28 INFO  myshop - Initializing WebDriver...
2025-10-30 16:44:37 INFO  myshop - URL Opened: http://www.automationpractice.pl/index.php
2025-10-30 16:44:42 INFO  myshop - Personal Info url opened
2025-10-30 16:44:43 INFO  myshop - Back To Account clicked
2025-10-30 16:44:43 INFO  myshop - Browser closed
2025-10-30 16:55:37 INFO  myshop - Initializing WebDriver...
2025-10-30 16:55:50 INFO  myshop - URL Opened: http://www.automationpractice.pl/index.php
2025-10-30 16:55:53 INFO  myshop - Sign In button clicked
2025-10-30 16:55:53 INFO  myshop - Browser closed
2025-10-30 16:55:53 INFO  myshop - Initializing WebDriver...
2025-10-30 16:56:08 INFO  myshop - URL Opened: http://www.automationpractice.pl/index.php
2025-10-30 16:56:11 INFO  myshop - Entered new account creation details
2025-10-30 16:56:14 INFO  myshop - Entered existing user details
2025-10-30 16:56:14 INFO  myshop - Browser closed
2025-10-30 16:56:14 INFO  myshop - Initializing WebDriver...
2025-10-30 16:56:26 INFO  myshop - URL Opened: http://www.automationpractice.pl/index.php
2025-10-30 16:56:28 INFO  myshop - On MyShop Details Page
2025-10-30 16:56:32 INFO  myshop - Browser closed
2025-10-30 16:56:32 INFO  myshop - Initializing WebDriver...
2025-10-30 16:56:46 INFO  myshop - URL Opened: http://www.automationpractice.pl/index.php
2025-10-30 16:56:51 INFO  myshop - Personal Info url opened
2025-10-30 16:56:51 INFO  myshop - Back To Account clicked
2025-10-30 16:56:51 INFO  myshop - Browser closed
2025-10-30 17:25:43 INFO  myshop - Initializing WebDriver...
2025-10-30 17:25:53 INFO  myshop - URL Opened: http://www.automationpractice.pl/index.php
2025-10-30 17:25:55 INFO  myshop - Sign In button clicked
2025-10-30 17:25:55 INFO  myshop - Browser closed
2025-10-30 17:25:55 INFO  myshop - Initializing WebDriver...
2025-10-30 17:26:03 INFO  myshop - URL Opened: http://www.automationpractice.pl/index.php
2025-10-30 17:26:06 INFO  myshop - Entered new account creation details
2025-10-30 17:26:08 INFO  myshop - Entered existing user details
2025-10-30 17:26:08 INFO  myshop - Browser closed
2025-10-30 17:26:08 INFO  myshop - Initializing WebDriver...
2025-10-30 17:26:16 INFO  myshop - URL Opened: http://www.automationpractice.pl/index.php
2025-10-30 17:26:19 INFO  myshop - On MyShop Details Page
2025-10-30 17:26:19 INFO  myshop - Browser closed
2025-10-30 17:26:19 INFO  myshop - Initializing WebDriver...
2025-10-30 17:26:27 INFO  myshop - URL Opened: http://www.automationpractice.pl/index.php
2025-10-30 17:26:30 INFO  myshop - Personal Info url opened
2025-10-30 17:26:30 INFO  myshop - Back To Account clicked
2025-10-30 17:26:30 INFO  myshop - Browser closed
2025-10-30 17:30:14 INFO  myshop - Initializing WebDriver...
2025-10-30 17:30:29 INFO  myshop - URL Opened: http://www.automationpractice.pl/index.php
2025-10-30 17:30:31 INFO  myshop - Sign In button clicked
2025-10-30 17:30:31 INFO  myshop - Browser closed
2025-10-30 17:30:31 INFO  myshop - Initializing WebDriver...
2025-10-30 17:30:41 INFO  myshop - URL Opened: http://www.automationpractice.pl/index.php
2025-10-30 17:30:43 INFO  myshop - Entered new account creation details
2025-10-30 17:30:45 INFO  myshop - Entered existing user details
2025-10-30 17:30:45 INFO  myshop - Browser closed
2025-10-30 17:30:45 INFO  myshop - Initializing WebDriver...
2025-10-30 17:30:53 INFO  myshop - URL Opened: http://www.automationpractice.pl/index.php
2025-10-30 17:30:55 INFO  myshop - On MyShop Details Page
2025-10-30 17:30:58 INFO  myshop - Browser closed
2025-10-30 17:30:58 INFO  myshop - Initializing WebDriver...
2025-10-30 17:31:02 INFO  myshop - URL Opened: http://www.automationpractice.pl/index.php
2025-10-30 17:31:12 INFO  myshop - Personal Info url opened
2025-10-30 17:31:13 INFO  myshop - Back To Account clicked
2025-10-30 17:31:13 INFO  myshop - Browser closed
